../Core/Src/main.c:27:6:HAL_TIM_PeriodElapsedCallback	16	static
../Core/Src/main.c:33:5:main	736	static
../Core/Src/main.c:121:6:SystemClock_Config	88	static
../Core/Src/main.c:169:13:MX_ADC1_Init	24	static
../Core/Src/main.c:221:13:MX_RTC_Init	32	static
../Core/Src/main.c:285:13:MX_SPI2_Init	8	static
../Core/Src/main.c:324:13:MX_TIM2_Init	32	static
../Core/Src/main.c:369:13:MX_USART2_UART_Init	8	static
../Core/Src/main.c:402:13:MX_GPIO_Init	40	static
../Core/Src/main.c:437:6:Error_Handler	4	static,ignoring_inline_asm
